data/loveda/val/Urban/images_png/3514.png data/loveda/val/Urban/masks_png/3514.png
data/loveda/val/Urban/images_png/3515.png data/loveda/val/Urban/masks_png/3515.png
data/loveda/val/Urban/images_png/3516.png data/loveda/val/Urban/masks_png/3516.png
data/loveda/val/Urban/images_png/3517.png data/loveda/val/Urban/masks_png/3517.png
data/loveda/val/Urban/images_png/3518.png data/loveda/val/Urban/masks_png/3518.png
data/loveda/val/Urban/images_png/3519.png data/loveda/val/Urban/masks_png/3519.png
data/loveda/val/Urban/images_png/3520.png data/loveda/val/Urban/masks_png/3520.png
data/loveda/val/Urban/images_png/3521.png data/loveda/val/Urban/masks_png/3521.png
data/loveda/val/Urban/images_png/3522.png data/loveda/val/Urban/masks_png/3522.png
data/loveda/val/Urban/images_png/3523.png data/loveda/val/Urban/masks_png/3523.png
data/loveda/val/Urban/images_png/3524.png data/loveda/val/Urban/masks_png/3524.png
data/loveda/val/Urban/images_png/3525.png data/loveda/val/Urban/masks_png/3525.png
data/loveda/val/Urban/images_png/3526.png data/loveda/val/Urban/masks_png/3526.png
data/loveda/val/Urban/images_png/3527.png data/loveda/val/Urban/masks_png/3527.png
data/loveda/val/Urban/images_png/3528.png data/loveda/val/Urban/masks_png/3528.png
data/loveda/val/Urban/images_png/3529.png data/loveda/val/Urban/masks_png/3529.png
data/loveda/val/Urban/images_png/3530.png data/loveda/val/Urban/masks_png/3530.png
data/loveda/val/Urban/images_png/3531.png data/loveda/val/Urban/masks_png/3531.png
data/loveda/val/Urban/images_png/3532.png data/loveda/val/Urban/masks_png/3532.png
data/loveda/val/Urban/images_png/3533.png data/loveda/val/Urban/masks_png/3533.png
data/loveda/val/Urban/images_png/3534.png data/loveda/val/Urban/masks_png/3534.png
data/loveda/val/Urban/images_png/3535.png data/loveda/val/Urban/masks_png/3535.png
data/loveda/val/Urban/images_png/3536.png data/loveda/val/Urban/masks_png/3536.png
data/loveda/val/Urban/images_png/3537.png data/loveda/val/Urban/masks_png/3537.png
data/loveda/val/Urban/images_png/3538.png data/loveda/val/Urban/masks_png/3538.png
data/loveda/val/Urban/images_png/3539.png data/loveda/val/Urban/masks_png/3539.png
data/loveda/val/Urban/images_png/3540.png data/loveda/val/Urban/masks_png/3540.png
data/loveda/val/Urban/images_png/3541.png data/loveda/val/Urban/masks_png/3541.png
data/loveda/val/Urban/images_png/3542.png data/loveda/val/Urban/masks_png/3542.png
data/loveda/val/Urban/images_png/3543.png data/loveda/val/Urban/masks_png/3543.png
data/loveda/val/Urban/images_png/3544.png data/loveda/val/Urban/masks_png/3544.png
data/loveda/val/Urban/images_png/3545.png data/loveda/val/Urban/masks_png/3545.png
data/loveda/val/Urban/images_png/3546.png data/loveda/val/Urban/masks_png/3546.png
data/loveda/val/Urban/images_png/3547.png data/loveda/val/Urban/masks_png/3547.png
data/loveda/val/Urban/images_png/3548.png data/loveda/val/Urban/masks_png/3548.png
data/loveda/val/Urban/images_png/3549.png data/loveda/val/Urban/masks_png/3549.png
data/loveda/val/Urban/images_png/3550.png data/loveda/val/Urban/masks_png/3550.png
data/loveda/val/Urban/images_png/3551.png data/loveda/val/Urban/masks_png/3551.png
data/loveda/val/Urban/images_png/3552.png data/loveda/val/Urban/masks_png/3552.png
data/loveda/val/Urban/images_png/3553.png data/loveda/val/Urban/masks_png/3553.png
data/loveda/val/Urban/images_png/3554.png data/loveda/val/Urban/masks_png/3554.png
data/loveda/val/Urban/images_png/3555.png data/loveda/val/Urban/masks_png/3555.png
data/loveda/val/Urban/images_png/3556.png data/loveda/val/Urban/masks_png/3556.png
data/loveda/val/Urban/images_png/3557.png data/loveda/val/Urban/masks_png/3557.png
data/loveda/val/Urban/images_png/3558.png data/loveda/val/Urban/masks_png/3558.png
data/loveda/val/Urban/images_png/3559.png data/loveda/val/Urban/masks_png/3559.png
data/loveda/val/Urban/images_png/3560.png data/loveda/val/Urban/masks_png/3560.png
data/loveda/val/Urban/images_png/3561.png data/loveda/val/Urban/masks_png/3561.png
data/loveda/val/Urban/images_png/3562.png data/loveda/val/Urban/masks_png/3562.png
data/loveda/val/Urban/images_png/3563.png data/loveda/val/Urban/masks_png/3563.png
data/loveda/val/Urban/images_png/3564.png data/loveda/val/Urban/masks_png/3564.png
data/loveda/val/Urban/images_png/3565.png data/loveda/val/Urban/masks_png/3565.png
data/loveda/val/Urban/images_png/3566.png data/loveda/val/Urban/masks_png/3566.png
data/loveda/val/Urban/images_png/3567.png data/loveda/val/Urban/masks_png/3567.png
data/loveda/val/Urban/images_png/3568.png data/loveda/val/Urban/masks_png/3568.png
data/loveda/val/Urban/images_png/3569.png data/loveda/val/Urban/masks_png/3569.png
data/loveda/val/Urban/images_png/3570.png data/loveda/val/Urban/masks_png/3570.png
data/loveda/val/Urban/images_png/3571.png data/loveda/val/Urban/masks_png/3571.png
data/loveda/val/Urban/images_png/3572.png data/loveda/val/Urban/masks_png/3572.png
data/loveda/val/Urban/images_png/3573.png data/loveda/val/Urban/masks_png/3573.png
data/loveda/val/Urban/images_png/3574.png data/loveda/val/Urban/masks_png/3574.png
data/loveda/val/Urban/images_png/3575.png data/loveda/val/Urban/masks_png/3575.png
data/loveda/val/Urban/images_png/3576.png data/loveda/val/Urban/masks_png/3576.png
data/loveda/val/Urban/images_png/3577.png data/loveda/val/Urban/masks_png/3577.png
data/loveda/val/Urban/images_png/3578.png data/loveda/val/Urban/masks_png/3578.png
data/loveda/val/Urban/images_png/3579.png data/loveda/val/Urban/masks_png/3579.png
data/loveda/val/Urban/images_png/3580.png data/loveda/val/Urban/masks_png/3580.png
data/loveda/val/Urban/images_png/3581.png data/loveda/val/Urban/masks_png/3581.png
data/loveda/val/Urban/images_png/3582.png data/loveda/val/Urban/masks_png/3582.png
data/loveda/val/Urban/images_png/3583.png data/loveda/val/Urban/masks_png/3583.png
data/loveda/val/Urban/images_png/3584.png data/loveda/val/Urban/masks_png/3584.png
data/loveda/val/Urban/images_png/3585.png data/loveda/val/Urban/masks_png/3585.png
data/loveda/val/Urban/images_png/3586.png data/loveda/val/Urban/masks_png/3586.png
data/loveda/val/Urban/images_png/3587.png data/loveda/val/Urban/masks_png/3587.png
data/loveda/val/Urban/images_png/3588.png data/loveda/val/Urban/masks_png/3588.png
data/loveda/val/Urban/images_png/3589.png data/loveda/val/Urban/masks_png/3589.png
data/loveda/val/Urban/images_png/3590.png data/loveda/val/Urban/masks_png/3590.png
data/loveda/val/Urban/images_png/3591.png data/loveda/val/Urban/masks_png/3591.png
data/loveda/val/Urban/images_png/3592.png data/loveda/val/Urban/masks_png/3592.png
data/loveda/val/Urban/images_png/3593.png data/loveda/val/Urban/masks_png/3593.png
data/loveda/val/Urban/images_png/3594.png data/loveda/val/Urban/masks_png/3594.png
data/loveda/val/Urban/images_png/3595.png data/loveda/val/Urban/masks_png/3595.png
data/loveda/val/Urban/images_png/3596.png data/loveda/val/Urban/masks_png/3596.png
data/loveda/val/Urban/images_png/3597.png data/loveda/val/Urban/masks_png/3597.png
data/loveda/val/Urban/images_png/3598.png data/loveda/val/Urban/masks_png/3598.png
data/loveda/val/Urban/images_png/3599.png data/loveda/val/Urban/masks_png/3599.png
data/loveda/val/Urban/images_png/3600.png data/loveda/val/Urban/masks_png/3600.png
data/loveda/val/Urban/images_png/3601.png data/loveda/val/Urban/masks_png/3601.png
data/loveda/val/Urban/images_png/3602.png data/loveda/val/Urban/masks_png/3602.png
data/loveda/val/Urban/images_png/3603.png data/loveda/val/Urban/masks_png/3603.png
data/loveda/val/Urban/images_png/3604.png data/loveda/val/Urban/masks_png/3604.png
data/loveda/val/Urban/images_png/3605.png data/loveda/val/Urban/masks_png/3605.png
data/loveda/val/Urban/images_png/3606.png data/loveda/val/Urban/masks_png/3606.png
data/loveda/val/Urban/images_png/3607.png data/loveda/val/Urban/masks_png/3607.png
data/loveda/val/Urban/images_png/3608.png data/loveda/val/Urban/masks_png/3608.png
data/loveda/val/Urban/images_png/3609.png data/loveda/val/Urban/masks_png/3609.png
data/loveda/val/Urban/images_png/3610.png data/loveda/val/Urban/masks_png/3610.png
data/loveda/val/Urban/images_png/3611.png data/loveda/val/Urban/masks_png/3611.png
data/loveda/val/Urban/images_png/3612.png data/loveda/val/Urban/masks_png/3612.png
data/loveda/val/Urban/images_png/3613.png data/loveda/val/Urban/masks_png/3613.png
data/loveda/val/Urban/images_png/3614.png data/loveda/val/Urban/masks_png/3614.png
data/loveda/val/Urban/images_png/3615.png data/loveda/val/Urban/masks_png/3615.png
data/loveda/val/Urban/images_png/3616.png data/loveda/val/Urban/masks_png/3616.png
data/loveda/val/Urban/images_png/3617.png data/loveda/val/Urban/masks_png/3617.png
data/loveda/val/Urban/images_png/3618.png data/loveda/val/Urban/masks_png/3618.png
data/loveda/val/Urban/images_png/3619.png data/loveda/val/Urban/masks_png/3619.png
data/loveda/val/Urban/images_png/3620.png data/loveda/val/Urban/masks_png/3620.png
data/loveda/val/Urban/images_png/3621.png data/loveda/val/Urban/masks_png/3621.png
data/loveda/val/Urban/images_png/3622.png data/loveda/val/Urban/masks_png/3622.png
data/loveda/val/Urban/images_png/3623.png data/loveda/val/Urban/masks_png/3623.png
data/loveda/val/Urban/images_png/3624.png data/loveda/val/Urban/masks_png/3624.png
data/loveda/val/Urban/images_png/3625.png data/loveda/val/Urban/masks_png/3625.png
data/loveda/val/Urban/images_png/3626.png data/loveda/val/Urban/masks_png/3626.png
data/loveda/val/Urban/images_png/3627.png data/loveda/val/Urban/masks_png/3627.png
data/loveda/val/Urban/images_png/3628.png data/loveda/val/Urban/masks_png/3628.png
data/loveda/val/Urban/images_png/3629.png data/loveda/val/Urban/masks_png/3629.png
data/loveda/val/Urban/images_png/3630.png data/loveda/val/Urban/masks_png/3630.png
data/loveda/val/Urban/images_png/3631.png data/loveda/val/Urban/masks_png/3631.png
data/loveda/val/Urban/images_png/3632.png data/loveda/val/Urban/masks_png/3632.png
data/loveda/val/Urban/images_png/3633.png data/loveda/val/Urban/masks_png/3633.png
data/loveda/val/Urban/images_png/3634.png data/loveda/val/Urban/masks_png/3634.png
data/loveda/val/Urban/images_png/3635.png data/loveda/val/Urban/masks_png/3635.png
data/loveda/val/Urban/images_png/3636.png data/loveda/val/Urban/masks_png/3636.png
data/loveda/val/Urban/images_png/3637.png data/loveda/val/Urban/masks_png/3637.png
data/loveda/val/Urban/images_png/3638.png data/loveda/val/Urban/masks_png/3638.png
data/loveda/val/Urban/images_png/3639.png data/loveda/val/Urban/masks_png/3639.png
data/loveda/val/Urban/images_png/3640.png data/loveda/val/Urban/masks_png/3640.png
data/loveda/val/Urban/images_png/3641.png data/loveda/val/Urban/masks_png/3641.png
data/loveda/val/Urban/images_png/3642.png data/loveda/val/Urban/masks_png/3642.png
data/loveda/val/Urban/images_png/3643.png data/loveda/val/Urban/masks_png/3643.png
data/loveda/val/Urban/images_png/3644.png data/loveda/val/Urban/masks_png/3644.png
data/loveda/val/Urban/images_png/3645.png data/loveda/val/Urban/masks_png/3645.png
data/loveda/val/Urban/images_png/3646.png data/loveda/val/Urban/masks_png/3646.png
data/loveda/val/Urban/images_png/3647.png data/loveda/val/Urban/masks_png/3647.png
data/loveda/val/Urban/images_png/3648.png data/loveda/val/Urban/masks_png/3648.png
data/loveda/val/Urban/images_png/3649.png data/loveda/val/Urban/masks_png/3649.png
data/loveda/val/Urban/images_png/3650.png data/loveda/val/Urban/masks_png/3650.png
data/loveda/val/Urban/images_png/3651.png data/loveda/val/Urban/masks_png/3651.png
data/loveda/val/Urban/images_png/3652.png data/loveda/val/Urban/masks_png/3652.png
data/loveda/val/Urban/images_png/3653.png data/loveda/val/Urban/masks_png/3653.png
data/loveda/val/Urban/images_png/3654.png data/loveda/val/Urban/masks_png/3654.png
data/loveda/val/Urban/images_png/3655.png data/loveda/val/Urban/masks_png/3655.png
data/loveda/val/Urban/images_png/3656.png data/loveda/val/Urban/masks_png/3656.png
data/loveda/val/Urban/images_png/3657.png data/loveda/val/Urban/masks_png/3657.png
data/loveda/val/Urban/images_png/3658.png data/loveda/val/Urban/masks_png/3658.png
data/loveda/val/Urban/images_png/3659.png data/loveda/val/Urban/masks_png/3659.png
data/loveda/val/Urban/images_png/3660.png data/loveda/val/Urban/masks_png/3660.png
data/loveda/val/Urban/images_png/3661.png data/loveda/val/Urban/masks_png/3661.png
data/loveda/val/Urban/images_png/3662.png data/loveda/val/Urban/masks_png/3662.png
data/loveda/val/Urban/images_png/3663.png data/loveda/val/Urban/masks_png/3663.png
data/loveda/val/Urban/images_png/3664.png data/loveda/val/Urban/masks_png/3664.png
data/loveda/val/Urban/images_png/3665.png data/loveda/val/Urban/masks_png/3665.png
data/loveda/val/Urban/images_png/3666.png data/loveda/val/Urban/masks_png/3666.png
data/loveda/val/Urban/images_png/3667.png data/loveda/val/Urban/masks_png/3667.png
data/loveda/val/Urban/images_png/3668.png data/loveda/val/Urban/masks_png/3668.png
data/loveda/val/Urban/images_png/3669.png data/loveda/val/Urban/masks_png/3669.png
data/loveda/val/Urban/images_png/3670.png data/loveda/val/Urban/masks_png/3670.png
data/loveda/val/Urban/images_png/3671.png data/loveda/val/Urban/masks_png/3671.png
data/loveda/val/Urban/images_png/3672.png data/loveda/val/Urban/masks_png/3672.png
data/loveda/val/Urban/images_png/3673.png data/loveda/val/Urban/masks_png/3673.png
data/loveda/val/Urban/images_png/3674.png data/loveda/val/Urban/masks_png/3674.png
data/loveda/val/Urban/images_png/3675.png data/loveda/val/Urban/masks_png/3675.png
data/loveda/val/Urban/images_png/3676.png data/loveda/val/Urban/masks_png/3676.png
data/loveda/val/Urban/images_png/3677.png data/loveda/val/Urban/masks_png/3677.png
data/loveda/val/Urban/images_png/3678.png data/loveda/val/Urban/masks_png/3678.png
data/loveda/val/Urban/images_png/3679.png data/loveda/val/Urban/masks_png/3679.png
data/loveda/val/Urban/images_png/3680.png data/loveda/val/Urban/masks_png/3680.png
data/loveda/val/Urban/images_png/3681.png data/loveda/val/Urban/masks_png/3681.png
data/loveda/val/Urban/images_png/3682.png data/loveda/val/Urban/masks_png/3682.png
data/loveda/val/Urban/images_png/3683.png data/loveda/val/Urban/masks_png/3683.png
data/loveda/val/Urban/images_png/3684.png data/loveda/val/Urban/masks_png/3684.png
data/loveda/val/Urban/images_png/3685.png data/loveda/val/Urban/masks_png/3685.png
data/loveda/val/Urban/images_png/3686.png data/loveda/val/Urban/masks_png/3686.png
data/loveda/val/Urban/images_png/3687.png data/loveda/val/Urban/masks_png/3687.png
data/loveda/val/Urban/images_png/3688.png data/loveda/val/Urban/masks_png/3688.png
data/loveda/val/Urban/images_png/3689.png data/loveda/val/Urban/masks_png/3689.png
data/loveda/val/Urban/images_png/3690.png data/loveda/val/Urban/masks_png/3690.png
data/loveda/val/Urban/images_png/3691.png data/loveda/val/Urban/masks_png/3691.png
data/loveda/val/Urban/images_png/3692.png data/loveda/val/Urban/masks_png/3692.png
data/loveda/val/Urban/images_png/3693.png data/loveda/val/Urban/masks_png/3693.png
data/loveda/val/Urban/images_png/3694.png data/loveda/val/Urban/masks_png/3694.png
data/loveda/val/Urban/images_png/3695.png data/loveda/val/Urban/masks_png/3695.png
data/loveda/val/Urban/images_png/3696.png data/loveda/val/Urban/masks_png/3696.png
data/loveda/val/Urban/images_png/3697.png data/loveda/val/Urban/masks_png/3697.png
data/loveda/val/Urban/images_png/3698.png data/loveda/val/Urban/masks_png/3698.png
data/loveda/val/Urban/images_png/3699.png data/loveda/val/Urban/masks_png/3699.png
data/loveda/val/Urban/images_png/3700.png data/loveda/val/Urban/masks_png/3700.png
data/loveda/val/Urban/images_png/3701.png data/loveda/val/Urban/masks_png/3701.png
data/loveda/val/Urban/images_png/3702.png data/loveda/val/Urban/masks_png/3702.png
data/loveda/val/Urban/images_png/3703.png data/loveda/val/Urban/masks_png/3703.png
data/loveda/val/Urban/images_png/3704.png data/loveda/val/Urban/masks_png/3704.png
data/loveda/val/Urban/images_png/3705.png data/loveda/val/Urban/masks_png/3705.png
data/loveda/val/Urban/images_png/3706.png data/loveda/val/Urban/masks_png/3706.png
data/loveda/val/Urban/images_png/3707.png data/loveda/val/Urban/masks_png/3707.png
data/loveda/val/Urban/images_png/3708.png data/loveda/val/Urban/masks_png/3708.png
data/loveda/val/Urban/images_png/3709.png data/loveda/val/Urban/masks_png/3709.png
data/loveda/val/Urban/images_png/3710.png data/loveda/val/Urban/masks_png/3710.png
data/loveda/val/Urban/images_png/3711.png data/loveda/val/Urban/masks_png/3711.png
data/loveda/val/Urban/images_png/3712.png data/loveda/val/Urban/masks_png/3712.png
data/loveda/val/Urban/images_png/3713.png data/loveda/val/Urban/masks_png/3713.png
data/loveda/val/Urban/images_png/3714.png data/loveda/val/Urban/masks_png/3714.png
data/loveda/val/Urban/images_png/3715.png data/loveda/val/Urban/masks_png/3715.png
data/loveda/val/Urban/images_png/3716.png data/loveda/val/Urban/masks_png/3716.png
data/loveda/val/Urban/images_png/3717.png data/loveda/val/Urban/masks_png/3717.png
data/loveda/val/Urban/images_png/3718.png data/loveda/val/Urban/masks_png/3718.png
data/loveda/val/Urban/images_png/3719.png data/loveda/val/Urban/masks_png/3719.png
data/loveda/val/Urban/images_png/3720.png data/loveda/val/Urban/masks_png/3720.png
data/loveda/val/Urban/images_png/3721.png data/loveda/val/Urban/masks_png/3721.png
data/loveda/val/Urban/images_png/3722.png data/loveda/val/Urban/masks_png/3722.png
data/loveda/val/Urban/images_png/3723.png data/loveda/val/Urban/masks_png/3723.png
data/loveda/val/Urban/images_png/3724.png data/loveda/val/Urban/masks_png/3724.png
data/loveda/val/Urban/images_png/3725.png data/loveda/val/Urban/masks_png/3725.png
data/loveda/val/Urban/images_png/3726.png data/loveda/val/Urban/masks_png/3726.png
data/loveda/val/Urban/images_png/3727.png data/loveda/val/Urban/masks_png/3727.png
data/loveda/val/Urban/images_png/3728.png data/loveda/val/Urban/masks_png/3728.png
data/loveda/val/Urban/images_png/3729.png data/loveda/val/Urban/masks_png/3729.png
data/loveda/val/Urban/images_png/3730.png data/loveda/val/Urban/masks_png/3730.png
data/loveda/val/Urban/images_png/3731.png data/loveda/val/Urban/masks_png/3731.png
data/loveda/val/Urban/images_png/3732.png data/loveda/val/Urban/masks_png/3732.png
data/loveda/val/Urban/images_png/3733.png data/loveda/val/Urban/masks_png/3733.png
data/loveda/val/Urban/images_png/3734.png data/loveda/val/Urban/masks_png/3734.png
data/loveda/val/Urban/images_png/3735.png data/loveda/val/Urban/masks_png/3735.png
data/loveda/val/Urban/images_png/3736.png data/loveda/val/Urban/masks_png/3736.png
data/loveda/val/Urban/images_png/3737.png data/loveda/val/Urban/masks_png/3737.png
data/loveda/val/Urban/images_png/3738.png data/loveda/val/Urban/masks_png/3738.png
data/loveda/val/Urban/images_png/3739.png data/loveda/val/Urban/masks_png/3739.png
data/loveda/val/Urban/images_png/3740.png data/loveda/val/Urban/masks_png/3740.png
data/loveda/val/Urban/images_png/3741.png data/loveda/val/Urban/masks_png/3741.png
data/loveda/val/Urban/images_png/3742.png data/loveda/val/Urban/masks_png/3742.png
data/loveda/val/Urban/images_png/3743.png data/loveda/val/Urban/masks_png/3743.png
data/loveda/val/Urban/images_png/3744.png data/loveda/val/Urban/masks_png/3744.png
data/loveda/val/Urban/images_png/3745.png data/loveda/val/Urban/masks_png/3745.png
data/loveda/val/Urban/images_png/3746.png data/loveda/val/Urban/masks_png/3746.png
data/loveda/val/Urban/images_png/3747.png data/loveda/val/Urban/masks_png/3747.png
data/loveda/val/Urban/images_png/3748.png data/loveda/val/Urban/masks_png/3748.png
data/loveda/val/Urban/images_png/3749.png data/loveda/val/Urban/masks_png/3749.png
data/loveda/val/Urban/images_png/3750.png data/loveda/val/Urban/masks_png/3750.png
data/loveda/val/Urban/images_png/3751.png data/loveda/val/Urban/masks_png/3751.png
data/loveda/val/Urban/images_png/3752.png data/loveda/val/Urban/masks_png/3752.png
data/loveda/val/Urban/images_png/3753.png data/loveda/val/Urban/masks_png/3753.png
data/loveda/val/Urban/images_png/3754.png data/loveda/val/Urban/masks_png/3754.png
data/loveda/val/Urban/images_png/3755.png data/loveda/val/Urban/masks_png/3755.png
data/loveda/val/Urban/images_png/3756.png data/loveda/val/Urban/masks_png/3756.png
data/loveda/val/Urban/images_png/3757.png data/loveda/val/Urban/masks_png/3757.png
data/loveda/val/Urban/images_png/3758.png data/loveda/val/Urban/masks_png/3758.png
data/loveda/val/Urban/images_png/3759.png data/loveda/val/Urban/masks_png/3759.png
data/loveda/val/Urban/images_png/3760.png data/loveda/val/Urban/masks_png/3760.png
data/loveda/val/Urban/images_png/3761.png data/loveda/val/Urban/masks_png/3761.png
data/loveda/val/Urban/images_png/3762.png data/loveda/val/Urban/masks_png/3762.png
data/loveda/val/Urban/images_png/3763.png data/loveda/val/Urban/masks_png/3763.png
data/loveda/val/Urban/images_png/3764.png data/loveda/val/Urban/masks_png/3764.png
data/loveda/val/Urban/images_png/3765.png data/loveda/val/Urban/masks_png/3765.png
data/loveda/val/Urban/images_png/3766.png data/loveda/val/Urban/masks_png/3766.png
data/loveda/val/Urban/images_png/3767.png data/loveda/val/Urban/masks_png/3767.png
data/loveda/val/Urban/images_png/3768.png data/loveda/val/Urban/masks_png/3768.png
data/loveda/val/Urban/images_png/3769.png data/loveda/val/Urban/masks_png/3769.png
data/loveda/val/Urban/images_png/3770.png data/loveda/val/Urban/masks_png/3770.png
data/loveda/val/Urban/images_png/3771.png data/loveda/val/Urban/masks_png/3771.png
data/loveda/val/Urban/images_png/3772.png data/loveda/val/Urban/masks_png/3772.png
data/loveda/val/Urban/images_png/3773.png data/loveda/val/Urban/masks_png/3773.png
data/loveda/val/Urban/images_png/3774.png data/loveda/val/Urban/masks_png/3774.png
data/loveda/val/Urban/images_png/3775.png data/loveda/val/Urban/masks_png/3775.png
data/loveda/val/Urban/images_png/3776.png data/loveda/val/Urban/masks_png/3776.png
data/loveda/val/Urban/images_png/3777.png data/loveda/val/Urban/masks_png/3777.png
data/loveda/val/Urban/images_png/3778.png data/loveda/val/Urban/masks_png/3778.png
data/loveda/val/Urban/images_png/3779.png data/loveda/val/Urban/masks_png/3779.png
data/loveda/val/Urban/images_png/3780.png data/loveda/val/Urban/masks_png/3780.png
data/loveda/val/Urban/images_png/3781.png data/loveda/val/Urban/masks_png/3781.png
data/loveda/val/Urban/images_png/3782.png data/loveda/val/Urban/masks_png/3782.png
data/loveda/val/Urban/images_png/3783.png data/loveda/val/Urban/masks_png/3783.png
data/loveda/val/Urban/images_png/3784.png data/loveda/val/Urban/masks_png/3784.png
data/loveda/val/Urban/images_png/3785.png data/loveda/val/Urban/masks_png/3785.png
data/loveda/val/Urban/images_png/3786.png data/loveda/val/Urban/masks_png/3786.png
data/loveda/val/Urban/images_png/3787.png data/loveda/val/Urban/masks_png/3787.png
data/loveda/val/Urban/images_png/3788.png data/loveda/val/Urban/masks_png/3788.png
data/loveda/val/Urban/images_png/3789.png data/loveda/val/Urban/masks_png/3789.png
data/loveda/val/Urban/images_png/3790.png data/loveda/val/Urban/masks_png/3790.png
data/loveda/val/Urban/images_png/3791.png data/loveda/val/Urban/masks_png/3791.png
data/loveda/val/Urban/images_png/3792.png data/loveda/val/Urban/masks_png/3792.png
data/loveda/val/Urban/images_png/3793.png data/loveda/val/Urban/masks_png/3793.png
data/loveda/val/Urban/images_png/3794.png data/loveda/val/Urban/masks_png/3794.png
data/loveda/val/Urban/images_png/3795.png data/loveda/val/Urban/masks_png/3795.png
data/loveda/val/Urban/images_png/3796.png data/loveda/val/Urban/masks_png/3796.png
data/loveda/val/Urban/images_png/3797.png data/loveda/val/Urban/masks_png/3797.png
data/loveda/val/Urban/images_png/3798.png data/loveda/val/Urban/masks_png/3798.png
data/loveda/val/Urban/images_png/3799.png data/loveda/val/Urban/masks_png/3799.png
data/loveda/val/Urban/images_png/3800.png data/loveda/val/Urban/masks_png/3800.png
data/loveda/val/Urban/images_png/3801.png data/loveda/val/Urban/masks_png/3801.png
data/loveda/val/Urban/images_png/3802.png data/loveda/val/Urban/masks_png/3802.png
data/loveda/val/Urban/images_png/3803.png data/loveda/val/Urban/masks_png/3803.png
data/loveda/val/Urban/images_png/3804.png data/loveda/val/Urban/masks_png/3804.png
data/loveda/val/Urban/images_png/3805.png data/loveda/val/Urban/masks_png/3805.png
data/loveda/val/Urban/images_png/3806.png data/loveda/val/Urban/masks_png/3806.png
data/loveda/val/Urban/images_png/3807.png data/loveda/val/Urban/masks_png/3807.png
data/loveda/val/Urban/images_png/3808.png data/loveda/val/Urban/masks_png/3808.png
data/loveda/val/Urban/images_png/3809.png data/loveda/val/Urban/masks_png/3809.png
data/loveda/val/Urban/images_png/3810.png data/loveda/val/Urban/masks_png/3810.png
data/loveda/val/Urban/images_png/3811.png data/loveda/val/Urban/masks_png/3811.png
data/loveda/val/Urban/images_png/3812.png data/loveda/val/Urban/masks_png/3812.png
data/loveda/val/Urban/images_png/3813.png data/loveda/val/Urban/masks_png/3813.png
data/loveda/val/Urban/images_png/3814.png data/loveda/val/Urban/masks_png/3814.png
data/loveda/val/Urban/images_png/3815.png data/loveda/val/Urban/masks_png/3815.png
data/loveda/val/Urban/images_png/3816.png data/loveda/val/Urban/masks_png/3816.png
data/loveda/val/Urban/images_png/3817.png data/loveda/val/Urban/masks_png/3817.png
data/loveda/val/Urban/images_png/3818.png data/loveda/val/Urban/masks_png/3818.png
data/loveda/val/Urban/images_png/3819.png data/loveda/val/Urban/masks_png/3819.png
data/loveda/val/Urban/images_png/3820.png data/loveda/val/Urban/masks_png/3820.png
data/loveda/val/Urban/images_png/3821.png data/loveda/val/Urban/masks_png/3821.png
data/loveda/val/Urban/images_png/3822.png data/loveda/val/Urban/masks_png/3822.png
data/loveda/val/Urban/images_png/3823.png data/loveda/val/Urban/masks_png/3823.png
data/loveda/val/Urban/images_png/3824.png data/loveda/val/Urban/masks_png/3824.png
data/loveda/val/Urban/images_png/3825.png data/loveda/val/Urban/masks_png/3825.png
data/loveda/val/Urban/images_png/3826.png data/loveda/val/Urban/masks_png/3826.png
data/loveda/val/Urban/images_png/3827.png data/loveda/val/Urban/masks_png/3827.png
data/loveda/val/Urban/images_png/3828.png data/loveda/val/Urban/masks_png/3828.png
data/loveda/val/Urban/images_png/3829.png data/loveda/val/Urban/masks_png/3829.png
data/loveda/val/Urban/images_png/3830.png data/loveda/val/Urban/masks_png/3830.png
data/loveda/val/Urban/images_png/3831.png data/loveda/val/Urban/masks_png/3831.png
data/loveda/val/Urban/images_png/3832.png data/loveda/val/Urban/masks_png/3832.png
data/loveda/val/Urban/images_png/3833.png data/loveda/val/Urban/masks_png/3833.png
data/loveda/val/Urban/images_png/3834.png data/loveda/val/Urban/masks_png/3834.png
data/loveda/val/Urban/images_png/3835.png data/loveda/val/Urban/masks_png/3835.png
data/loveda/val/Urban/images_png/3836.png data/loveda/val/Urban/masks_png/3836.png
data/loveda/val/Urban/images_png/3837.png data/loveda/val/Urban/masks_png/3837.png
data/loveda/val/Urban/images_png/3838.png data/loveda/val/Urban/masks_png/3838.png
data/loveda/val/Urban/images_png/3839.png data/loveda/val/Urban/masks_png/3839.png
data/loveda/val/Urban/images_png/3840.png data/loveda/val/Urban/masks_png/3840.png
data/loveda/val/Urban/images_png/3841.png data/loveda/val/Urban/masks_png/3841.png
data/loveda/val/Urban/images_png/3842.png data/loveda/val/Urban/masks_png/3842.png
data/loveda/val/Urban/images_png/3843.png data/loveda/val/Urban/masks_png/3843.png
data/loveda/val/Urban/images_png/3844.png data/loveda/val/Urban/masks_png/3844.png
data/loveda/val/Urban/images_png/3845.png data/loveda/val/Urban/masks_png/3845.png
data/loveda/val/Urban/images_png/3846.png data/loveda/val/Urban/masks_png/3846.png
data/loveda/val/Urban/images_png/3847.png data/loveda/val/Urban/masks_png/3847.png
data/loveda/val/Urban/images_png/3848.png data/loveda/val/Urban/masks_png/3848.png
data/loveda/val/Urban/images_png/3849.png data/loveda/val/Urban/masks_png/3849.png
data/loveda/val/Urban/images_png/3850.png data/loveda/val/Urban/masks_png/3850.png
data/loveda/val/Urban/images_png/3851.png data/loveda/val/Urban/masks_png/3851.png
data/loveda/val/Urban/images_png/3852.png data/loveda/val/Urban/masks_png/3852.png
data/loveda/val/Urban/images_png/3853.png data/loveda/val/Urban/masks_png/3853.png
data/loveda/val/Urban/images_png/3854.png data/loveda/val/Urban/masks_png/3854.png
data/loveda/val/Urban/images_png/3855.png data/loveda/val/Urban/masks_png/3855.png
data/loveda/val/Urban/images_png/3856.png data/loveda/val/Urban/masks_png/3856.png
data/loveda/val/Urban/images_png/3857.png data/loveda/val/Urban/masks_png/3857.png
data/loveda/val/Urban/images_png/3858.png data/loveda/val/Urban/masks_png/3858.png
data/loveda/val/Urban/images_png/3859.png data/loveda/val/Urban/masks_png/3859.png
data/loveda/val/Urban/images_png/3860.png data/loveda/val/Urban/masks_png/3860.png
data/loveda/val/Urban/images_png/3861.png data/loveda/val/Urban/masks_png/3861.png
data/loveda/val/Urban/images_png/3862.png data/loveda/val/Urban/masks_png/3862.png
data/loveda/val/Urban/images_png/3863.png data/loveda/val/Urban/masks_png/3863.png
data/loveda/val/Urban/images_png/3864.png data/loveda/val/Urban/masks_png/3864.png
data/loveda/val/Urban/images_png/3865.png data/loveda/val/Urban/masks_png/3865.png
data/loveda/val/Urban/images_png/3866.png data/loveda/val/Urban/masks_png/3866.png
data/loveda/val/Urban/images_png/3867.png data/loveda/val/Urban/masks_png/3867.png
data/loveda/val/Urban/images_png/3868.png data/loveda/val/Urban/masks_png/3868.png
data/loveda/val/Urban/images_png/3869.png data/loveda/val/Urban/masks_png/3869.png
data/loveda/val/Urban/images_png/3870.png data/loveda/val/Urban/masks_png/3870.png
data/loveda/val/Urban/images_png/3871.png data/loveda/val/Urban/masks_png/3871.png
data/loveda/val/Urban/images_png/3872.png data/loveda/val/Urban/masks_png/3872.png
data/loveda/val/Urban/images_png/3873.png data/loveda/val/Urban/masks_png/3873.png
data/loveda/val/Urban/images_png/3874.png data/loveda/val/Urban/masks_png/3874.png
data/loveda/val/Urban/images_png/3875.png data/loveda/val/Urban/masks_png/3875.png
data/loveda/val/Urban/images_png/3876.png data/loveda/val/Urban/masks_png/3876.png
data/loveda/val/Urban/images_png/3877.png data/loveda/val/Urban/masks_png/3877.png
data/loveda/val/Urban/images_png/3878.png data/loveda/val/Urban/masks_png/3878.png
data/loveda/val/Urban/images_png/3879.png data/loveda/val/Urban/masks_png/3879.png
data/loveda/val/Urban/images_png/3880.png data/loveda/val/Urban/masks_png/3880.png
data/loveda/val/Urban/images_png/3881.png data/loveda/val/Urban/masks_png/3881.png
data/loveda/val/Urban/images_png/3882.png data/loveda/val/Urban/masks_png/3882.png
data/loveda/val/Urban/images_png/3883.png data/loveda/val/Urban/masks_png/3883.png
data/loveda/val/Urban/images_png/3884.png data/loveda/val/Urban/masks_png/3884.png
data/loveda/val/Urban/images_png/3885.png data/loveda/val/Urban/masks_png/3885.png
data/loveda/val/Urban/images_png/3886.png data/loveda/val/Urban/masks_png/3886.png
data/loveda/val/Urban/images_png/3887.png data/loveda/val/Urban/masks_png/3887.png
data/loveda/val/Urban/images_png/3888.png data/loveda/val/Urban/masks_png/3888.png
data/loveda/val/Urban/images_png/3889.png data/loveda/val/Urban/masks_png/3889.png
data/loveda/val/Urban/images_png/3890.png data/loveda/val/Urban/masks_png/3890.png
data/loveda/val/Urban/images_png/3891.png data/loveda/val/Urban/masks_png/3891.png
data/loveda/val/Urban/images_png/3892.png data/loveda/val/Urban/masks_png/3892.png
data/loveda/val/Urban/images_png/3893.png data/loveda/val/Urban/masks_png/3893.png
data/loveda/val/Urban/images_png/3894.png data/loveda/val/Urban/masks_png/3894.png
data/loveda/val/Urban/images_png/3895.png data/loveda/val/Urban/masks_png/3895.png
data/loveda/val/Urban/images_png/3896.png data/loveda/val/Urban/masks_png/3896.png
data/loveda/val/Urban/images_png/3897.png data/loveda/val/Urban/masks_png/3897.png
data/loveda/val/Urban/images_png/3898.png data/loveda/val/Urban/masks_png/3898.png
data/loveda/val/Urban/images_png/3899.png data/loveda/val/Urban/masks_png/3899.png
data/loveda/val/Urban/images_png/3900.png data/loveda/val/Urban/masks_png/3900.png
data/loveda/val/Urban/images_png/3901.png data/loveda/val/Urban/masks_png/3901.png
data/loveda/val/Urban/images_png/3902.png data/loveda/val/Urban/masks_png/3902.png
data/loveda/val/Urban/images_png/3903.png data/loveda/val/Urban/masks_png/3903.png
data/loveda/val/Urban/images_png/3904.png data/loveda/val/Urban/masks_png/3904.png
data/loveda/val/Urban/images_png/3905.png data/loveda/val/Urban/masks_png/3905.png
data/loveda/val/Urban/images_png/3906.png data/loveda/val/Urban/masks_png/3906.png
data/loveda/val/Urban/images_png/3907.png data/loveda/val/Urban/masks_png/3907.png
data/loveda/val/Urban/images_png/3908.png data/loveda/val/Urban/masks_png/3908.png
data/loveda/val/Urban/images_png/3909.png data/loveda/val/Urban/masks_png/3909.png
data/loveda/val/Urban/images_png/3910.png data/loveda/val/Urban/masks_png/3910.png
data/loveda/val/Urban/images_png/3911.png data/loveda/val/Urban/masks_png/3911.png
data/loveda/val/Urban/images_png/3912.png data/loveda/val/Urban/masks_png/3912.png
data/loveda/val/Urban/images_png/3913.png data/loveda/val/Urban/masks_png/3913.png
data/loveda/val/Urban/images_png/3914.png data/loveda/val/Urban/masks_png/3914.png
data/loveda/val/Urban/images_png/3915.png data/loveda/val/Urban/masks_png/3915.png
data/loveda/val/Urban/images_png/3916.png data/loveda/val/Urban/masks_png/3916.png
data/loveda/val/Urban/images_png/3917.png data/loveda/val/Urban/masks_png/3917.png
data/loveda/val/Urban/images_png/3918.png data/loveda/val/Urban/masks_png/3918.png
data/loveda/val/Urban/images_png/3919.png data/loveda/val/Urban/masks_png/3919.png
data/loveda/val/Urban/images_png/3920.png data/loveda/val/Urban/masks_png/3920.png
data/loveda/val/Urban/images_png/3921.png data/loveda/val/Urban/masks_png/3921.png
data/loveda/val/Urban/images_png/3922.png data/loveda/val/Urban/masks_png/3922.png
data/loveda/val/Urban/images_png/3923.png data/loveda/val/Urban/masks_png/3923.png
data/loveda/val/Urban/images_png/3924.png data/loveda/val/Urban/masks_png/3924.png
data/loveda/val/Urban/images_png/3925.png data/loveda/val/Urban/masks_png/3925.png
data/loveda/val/Urban/images_png/3926.png data/loveda/val/Urban/masks_png/3926.png
data/loveda/val/Urban/images_png/3927.png data/loveda/val/Urban/masks_png/3927.png
data/loveda/val/Urban/images_png/3928.png data/loveda/val/Urban/masks_png/3928.png
data/loveda/val/Urban/images_png/3929.png data/loveda/val/Urban/masks_png/3929.png
data/loveda/val/Urban/images_png/3930.png data/loveda/val/Urban/masks_png/3930.png
data/loveda/val/Urban/images_png/3931.png data/loveda/val/Urban/masks_png/3931.png
data/loveda/val/Urban/images_png/3932.png data/loveda/val/Urban/masks_png/3932.png
data/loveda/val/Urban/images_png/3933.png data/loveda/val/Urban/masks_png/3933.png
data/loveda/val/Urban/images_png/3934.png data/loveda/val/Urban/masks_png/3934.png
data/loveda/val/Urban/images_png/3935.png data/loveda/val/Urban/masks_png/3935.png
data/loveda/val/Urban/images_png/3936.png data/loveda/val/Urban/masks_png/3936.png
data/loveda/val/Urban/images_png/3937.png data/loveda/val/Urban/masks_png/3937.png
data/loveda/val/Urban/images_png/3938.png data/loveda/val/Urban/masks_png/3938.png
data/loveda/val/Urban/images_png/3939.png data/loveda/val/Urban/masks_png/3939.png
data/loveda/val/Urban/images_png/3940.png data/loveda/val/Urban/masks_png/3940.png
data/loveda/val/Urban/images_png/3941.png data/loveda/val/Urban/masks_png/3941.png
data/loveda/val/Urban/images_png/3942.png data/loveda/val/Urban/masks_png/3942.png
data/loveda/val/Urban/images_png/3943.png data/loveda/val/Urban/masks_png/3943.png
data/loveda/val/Urban/images_png/3944.png data/loveda/val/Urban/masks_png/3944.png
data/loveda/val/Urban/images_png/3945.png data/loveda/val/Urban/masks_png/3945.png
data/loveda/val/Urban/images_png/3946.png data/loveda/val/Urban/masks_png/3946.png
data/loveda/val/Urban/images_png/3947.png data/loveda/val/Urban/masks_png/3947.png
data/loveda/val/Urban/images_png/3948.png data/loveda/val/Urban/masks_png/3948.png
data/loveda/val/Urban/images_png/3949.png data/loveda/val/Urban/masks_png/3949.png
data/loveda/val/Urban/images_png/3950.png data/loveda/val/Urban/masks_png/3950.png
data/loveda/val/Urban/images_png/3951.png data/loveda/val/Urban/masks_png/3951.png
data/loveda/val/Urban/images_png/3952.png data/loveda/val/Urban/masks_png/3952.png
data/loveda/val/Urban/images_png/3953.png data/loveda/val/Urban/masks_png/3953.png
data/loveda/val/Urban/images_png/3954.png data/loveda/val/Urban/masks_png/3954.png
data/loveda/val/Urban/images_png/3955.png data/loveda/val/Urban/masks_png/3955.png
data/loveda/val/Urban/images_png/3956.png data/loveda/val/Urban/masks_png/3956.png
data/loveda/val/Urban/images_png/3957.png data/loveda/val/Urban/masks_png/3957.png
data/loveda/val/Urban/images_png/3958.png data/loveda/val/Urban/masks_png/3958.png
data/loveda/val/Urban/images_png/3959.png data/loveda/val/Urban/masks_png/3959.png
data/loveda/val/Urban/images_png/3960.png data/loveda/val/Urban/masks_png/3960.png
data/loveda/val/Urban/images_png/3961.png data/loveda/val/Urban/masks_png/3961.png
data/loveda/val/Urban/images_png/3962.png data/loveda/val/Urban/masks_png/3962.png
data/loveda/val/Urban/images_png/3963.png data/loveda/val/Urban/masks_png/3963.png
data/loveda/val/Urban/images_png/3964.png data/loveda/val/Urban/masks_png/3964.png
data/loveda/val/Urban/images_png/3965.png data/loveda/val/Urban/masks_png/3965.png
data/loveda/val/Urban/images_png/3966.png data/loveda/val/Urban/masks_png/3966.png
data/loveda/val/Urban/images_png/3967.png data/loveda/val/Urban/masks_png/3967.png
data/loveda/val/Urban/images_png/3968.png data/loveda/val/Urban/masks_png/3968.png
data/loveda/val/Urban/images_png/3969.png data/loveda/val/Urban/masks_png/3969.png
data/loveda/val/Urban/images_png/3970.png data/loveda/val/Urban/masks_png/3970.png
data/loveda/val/Urban/images_png/3971.png data/loveda/val/Urban/masks_png/3971.png
data/loveda/val/Urban/images_png/3972.png data/loveda/val/Urban/masks_png/3972.png
data/loveda/val/Urban/images_png/3973.png data/loveda/val/Urban/masks_png/3973.png
data/loveda/val/Urban/images_png/3974.png data/loveda/val/Urban/masks_png/3974.png
data/loveda/val/Urban/images_png/3975.png data/loveda/val/Urban/masks_png/3975.png
data/loveda/val/Urban/images_png/3976.png data/loveda/val/Urban/masks_png/3976.png
data/loveda/val/Urban/images_png/3977.png data/loveda/val/Urban/masks_png/3977.png
data/loveda/val/Urban/images_png/3978.png data/loveda/val/Urban/masks_png/3978.png
data/loveda/val/Urban/images_png/3979.png data/loveda/val/Urban/masks_png/3979.png
data/loveda/val/Urban/images_png/3980.png data/loveda/val/Urban/masks_png/3980.png
data/loveda/val/Urban/images_png/3981.png data/loveda/val/Urban/masks_png/3981.png
data/loveda/val/Urban/images_png/3982.png data/loveda/val/Urban/masks_png/3982.png
data/loveda/val/Urban/images_png/3983.png data/loveda/val/Urban/masks_png/3983.png
data/loveda/val/Urban/images_png/3984.png data/loveda/val/Urban/masks_png/3984.png
data/loveda/val/Urban/images_png/3985.png data/loveda/val/Urban/masks_png/3985.png
data/loveda/val/Urban/images_png/3986.png data/loveda/val/Urban/masks_png/3986.png
data/loveda/val/Urban/images_png/3987.png data/loveda/val/Urban/masks_png/3987.png
data/loveda/val/Urban/images_png/3988.png data/loveda/val/Urban/masks_png/3988.png
data/loveda/val/Urban/images_png/3989.png data/loveda/val/Urban/masks_png/3989.png
data/loveda/val/Urban/images_png/3990.png data/loveda/val/Urban/masks_png/3990.png
data/loveda/val/Urban/images_png/3991.png data/loveda/val/Urban/masks_png/3991.png
data/loveda/val/Urban/images_png/3992.png data/loveda/val/Urban/masks_png/3992.png
data/loveda/val/Urban/images_png/3993.png data/loveda/val/Urban/masks_png/3993.png
data/loveda/val/Urban/images_png/3994.png data/loveda/val/Urban/masks_png/3994.png
data/loveda/val/Urban/images_png/3995.png data/loveda/val/Urban/masks_png/3995.png
data/loveda/val/Urban/images_png/3996.png data/loveda/val/Urban/masks_png/3996.png
data/loveda/val/Urban/images_png/3997.png data/loveda/val/Urban/masks_png/3997.png
data/loveda/val/Urban/images_png/3998.png data/loveda/val/Urban/masks_png/3998.png
data/loveda/val/Urban/images_png/3999.png data/loveda/val/Urban/masks_png/3999.png
data/loveda/val/Urban/images_png/4000.png data/loveda/val/Urban/masks_png/4000.png
data/loveda/val/Urban/images_png/4001.png data/loveda/val/Urban/masks_png/4001.png
data/loveda/val/Urban/images_png/4002.png data/loveda/val/Urban/masks_png/4002.png
data/loveda/val/Urban/images_png/4003.png data/loveda/val/Urban/masks_png/4003.png
data/loveda/val/Urban/images_png/4004.png data/loveda/val/Urban/masks_png/4004.png
data/loveda/val/Urban/images_png/4005.png data/loveda/val/Urban/masks_png/4005.png
data/loveda/val/Urban/images_png/4006.png data/loveda/val/Urban/masks_png/4006.png
data/loveda/val/Urban/images_png/4007.png data/loveda/val/Urban/masks_png/4007.png
data/loveda/val/Urban/images_png/4008.png data/loveda/val/Urban/masks_png/4008.png
data/loveda/val/Urban/images_png/4009.png data/loveda/val/Urban/masks_png/4009.png
data/loveda/val/Urban/images_png/4010.png data/loveda/val/Urban/masks_png/4010.png
data/loveda/val/Urban/images_png/4011.png data/loveda/val/Urban/masks_png/4011.png
data/loveda/val/Urban/images_png/4012.png data/loveda/val/Urban/masks_png/4012.png
data/loveda/val/Urban/images_png/4013.png data/loveda/val/Urban/masks_png/4013.png
data/loveda/val/Urban/images_png/4014.png data/loveda/val/Urban/masks_png/4014.png
data/loveda/val/Urban/images_png/4015.png data/loveda/val/Urban/masks_png/4015.png
data/loveda/val/Urban/images_png/4016.png data/loveda/val/Urban/masks_png/4016.png
data/loveda/val/Urban/images_png/4017.png data/loveda/val/Urban/masks_png/4017.png
data/loveda/val/Urban/images_png/4018.png data/loveda/val/Urban/masks_png/4018.png
data/loveda/val/Urban/images_png/4019.png data/loveda/val/Urban/masks_png/4019.png
data/loveda/val/Urban/images_png/4020.png data/loveda/val/Urban/masks_png/4020.png
data/loveda/val/Urban/images_png/4021.png data/loveda/val/Urban/masks_png/4021.png
data/loveda/val/Urban/images_png/4022.png data/loveda/val/Urban/masks_png/4022.png
data/loveda/val/Urban/images_png/4023.png data/loveda/val/Urban/masks_png/4023.png
data/loveda/val/Urban/images_png/4024.png data/loveda/val/Urban/masks_png/4024.png
data/loveda/val/Urban/images_png/4025.png data/loveda/val/Urban/masks_png/4025.png
data/loveda/val/Urban/images_png/4026.png data/loveda/val/Urban/masks_png/4026.png
data/loveda/val/Urban/images_png/4027.png data/loveda/val/Urban/masks_png/4027.png
data/loveda/val/Urban/images_png/4028.png data/loveda/val/Urban/masks_png/4028.png
data/loveda/val/Urban/images_png/4029.png data/loveda/val/Urban/masks_png/4029.png
data/loveda/val/Urban/images_png/4030.png data/loveda/val/Urban/masks_png/4030.png
data/loveda/val/Urban/images_png/4031.png data/loveda/val/Urban/masks_png/4031.png
data/loveda/val/Urban/images_png/4032.png data/loveda/val/Urban/masks_png/4032.png
data/loveda/val/Urban/images_png/4033.png data/loveda/val/Urban/masks_png/4033.png
data/loveda/val/Urban/images_png/4034.png data/loveda/val/Urban/masks_png/4034.png
data/loveda/val/Urban/images_png/4035.png data/loveda/val/Urban/masks_png/4035.png
data/loveda/val/Urban/images_png/4036.png data/loveda/val/Urban/masks_png/4036.png
data/loveda/val/Urban/images_png/4037.png data/loveda/val/Urban/masks_png/4037.png
data/loveda/val/Urban/images_png/4038.png data/loveda/val/Urban/masks_png/4038.png
data/loveda/val/Urban/images_png/4039.png data/loveda/val/Urban/masks_png/4039.png
data/loveda/val/Urban/images_png/4040.png data/loveda/val/Urban/masks_png/4040.png
data/loveda/val/Urban/images_png/4041.png data/loveda/val/Urban/masks_png/4041.png
data/loveda/val/Urban/images_png/4042.png data/loveda/val/Urban/masks_png/4042.png
data/loveda/val/Urban/images_png/4043.png data/loveda/val/Urban/masks_png/4043.png
data/loveda/val/Urban/images_png/4044.png data/loveda/val/Urban/masks_png/4044.png
data/loveda/val/Urban/images_png/4045.png data/loveda/val/Urban/masks_png/4045.png
data/loveda/val/Urban/images_png/4046.png data/loveda/val/Urban/masks_png/4046.png
data/loveda/val/Urban/images_png/4047.png data/loveda/val/Urban/masks_png/4047.png
data/loveda/val/Urban/images_png/4048.png data/loveda/val/Urban/masks_png/4048.png
data/loveda/val/Urban/images_png/4049.png data/loveda/val/Urban/masks_png/4049.png
data/loveda/val/Urban/images_png/4050.png data/loveda/val/Urban/masks_png/4050.png
data/loveda/val/Urban/images_png/4051.png data/loveda/val/Urban/masks_png/4051.png
data/loveda/val/Urban/images_png/4052.png data/loveda/val/Urban/masks_png/4052.png
data/loveda/val/Urban/images_png/4053.png data/loveda/val/Urban/masks_png/4053.png
data/loveda/val/Urban/images_png/4054.png data/loveda/val/Urban/masks_png/4054.png
data/loveda/val/Urban/images_png/4055.png data/loveda/val/Urban/masks_png/4055.png
data/loveda/val/Urban/images_png/4056.png data/loveda/val/Urban/masks_png/4056.png
data/loveda/val/Urban/images_png/4057.png data/loveda/val/Urban/masks_png/4057.png
data/loveda/val/Urban/images_png/4058.png data/loveda/val/Urban/masks_png/4058.png
data/loveda/val/Urban/images_png/4059.png data/loveda/val/Urban/masks_png/4059.png
data/loveda/val/Urban/images_png/4060.png data/loveda/val/Urban/masks_png/4060.png
data/loveda/val/Urban/images_png/4061.png data/loveda/val/Urban/masks_png/4061.png
data/loveda/val/Urban/images_png/4062.png data/loveda/val/Urban/masks_png/4062.png
data/loveda/val/Urban/images_png/4063.png data/loveda/val/Urban/masks_png/4063.png
data/loveda/val/Urban/images_png/4064.png data/loveda/val/Urban/masks_png/4064.png
data/loveda/val/Urban/images_png/4065.png data/loveda/val/Urban/masks_png/4065.png
data/loveda/val/Urban/images_png/4066.png data/loveda/val/Urban/masks_png/4066.png
data/loveda/val/Urban/images_png/4067.png data/loveda/val/Urban/masks_png/4067.png
data/loveda/val/Urban/images_png/4068.png data/loveda/val/Urban/masks_png/4068.png
data/loveda/val/Urban/images_png/4069.png data/loveda/val/Urban/masks_png/4069.png
data/loveda/val/Urban/images_png/4070.png data/loveda/val/Urban/masks_png/4070.png
data/loveda/val/Urban/images_png/4071.png data/loveda/val/Urban/masks_png/4071.png
data/loveda/val/Urban/images_png/4072.png data/loveda/val/Urban/masks_png/4072.png
data/loveda/val/Urban/images_png/4073.png data/loveda/val/Urban/masks_png/4073.png
data/loveda/val/Urban/images_png/4074.png data/loveda/val/Urban/masks_png/4074.png
data/loveda/val/Urban/images_png/4075.png data/loveda/val/Urban/masks_png/4075.png
data/loveda/val/Urban/images_png/4076.png data/loveda/val/Urban/masks_png/4076.png
data/loveda/val/Urban/images_png/4077.png data/loveda/val/Urban/masks_png/4077.png
data/loveda/val/Urban/images_png/4078.png data/loveda/val/Urban/masks_png/4078.png
data/loveda/val/Urban/images_png/4079.png data/loveda/val/Urban/masks_png/4079.png
data/loveda/val/Urban/images_png/4080.png data/loveda/val/Urban/masks_png/4080.png
data/loveda/val/Urban/images_png/4081.png data/loveda/val/Urban/masks_png/4081.png
data/loveda/val/Urban/images_png/4082.png data/loveda/val/Urban/masks_png/4082.png
data/loveda/val/Urban/images_png/4083.png data/loveda/val/Urban/masks_png/4083.png
data/loveda/val/Urban/images_png/4084.png data/loveda/val/Urban/masks_png/4084.png
data/loveda/val/Urban/images_png/4085.png data/loveda/val/Urban/masks_png/4085.png
data/loveda/val/Urban/images_png/4086.png data/loveda/val/Urban/masks_png/4086.png
data/loveda/val/Urban/images_png/4087.png data/loveda/val/Urban/masks_png/4087.png
data/loveda/val/Urban/images_png/4088.png data/loveda/val/Urban/masks_png/4088.png
data/loveda/val/Urban/images_png/4089.png data/loveda/val/Urban/masks_png/4089.png
data/loveda/val/Urban/images_png/4090.png data/loveda/val/Urban/masks_png/4090.png
data/loveda/val/Urban/images_png/4091.png data/loveda/val/Urban/masks_png/4091.png
data/loveda/val/Urban/images_png/4092.png data/loveda/val/Urban/masks_png/4092.png
data/loveda/val/Urban/images_png/4093.png data/loveda/val/Urban/masks_png/4093.png
data/loveda/val/Urban/images_png/4094.png data/loveda/val/Urban/masks_png/4094.png
data/loveda/val/Urban/images_png/4095.png data/loveda/val/Urban/masks_png/4095.png
data/loveda/val/Urban/images_png/4096.png data/loveda/val/Urban/masks_png/4096.png
data/loveda/val/Urban/images_png/4097.png data/loveda/val/Urban/masks_png/4097.png
data/loveda/val/Urban/images_png/4098.png data/loveda/val/Urban/masks_png/4098.png
data/loveda/val/Urban/images_png/4099.png data/loveda/val/Urban/masks_png/4099.png
data/loveda/val/Urban/images_png/4100.png data/loveda/val/Urban/masks_png/4100.png
data/loveda/val/Urban/images_png/4101.png data/loveda/val/Urban/masks_png/4101.png
data/loveda/val/Urban/images_png/4102.png data/loveda/val/Urban/masks_png/4102.png
data/loveda/val/Urban/images_png/4103.png data/loveda/val/Urban/masks_png/4103.png
data/loveda/val/Urban/images_png/4104.png data/loveda/val/Urban/masks_png/4104.png
data/loveda/val/Urban/images_png/4105.png data/loveda/val/Urban/masks_png/4105.png
data/loveda/val/Urban/images_png/4106.png data/loveda/val/Urban/masks_png/4106.png
data/loveda/val/Urban/images_png/4107.png data/loveda/val/Urban/masks_png/4107.png
data/loveda/val/Urban/images_png/4108.png data/loveda/val/Urban/masks_png/4108.png
data/loveda/val/Urban/images_png/4109.png data/loveda/val/Urban/masks_png/4109.png
data/loveda/val/Urban/images_png/4110.png data/loveda/val/Urban/masks_png/4110.png
data/loveda/val/Urban/images_png/4111.png data/loveda/val/Urban/masks_png/4111.png
data/loveda/val/Urban/images_png/4112.png data/loveda/val/Urban/masks_png/4112.png
data/loveda/val/Urban/images_png/4113.png data/loveda/val/Urban/masks_png/4113.png
data/loveda/val/Urban/images_png/4114.png data/loveda/val/Urban/masks_png/4114.png
data/loveda/val/Urban/images_png/4115.png data/loveda/val/Urban/masks_png/4115.png
data/loveda/val/Urban/images_png/4116.png data/loveda/val/Urban/masks_png/4116.png
data/loveda/val/Urban/images_png/4117.png data/loveda/val/Urban/masks_png/4117.png
data/loveda/val/Urban/images_png/4118.png data/loveda/val/Urban/masks_png/4118.png
data/loveda/val/Urban/images_png/4119.png data/loveda/val/Urban/masks_png/4119.png
data/loveda/val/Urban/images_png/4120.png data/loveda/val/Urban/masks_png/4120.png
data/loveda/val/Urban/images_png/4121.png data/loveda/val/Urban/masks_png/4121.png
data/loveda/val/Urban/images_png/4122.png data/loveda/val/Urban/masks_png/4122.png
data/loveda/val/Urban/images_png/4123.png data/loveda/val/Urban/masks_png/4123.png
data/loveda/val/Urban/images_png/4124.png data/loveda/val/Urban/masks_png/4124.png
data/loveda/val/Urban/images_png/4125.png data/loveda/val/Urban/masks_png/4125.png
data/loveda/val/Urban/images_png/4126.png data/loveda/val/Urban/masks_png/4126.png
data/loveda/val/Urban/images_png/4127.png data/loveda/val/Urban/masks_png/4127.png
data/loveda/val/Urban/images_png/4128.png data/loveda/val/Urban/masks_png/4128.png
data/loveda/val/Urban/images_png/4129.png data/loveda/val/Urban/masks_png/4129.png
data/loveda/val/Urban/images_png/4130.png data/loveda/val/Urban/masks_png/4130.png
data/loveda/val/Urban/images_png/4131.png data/loveda/val/Urban/masks_png/4131.png
data/loveda/val/Urban/images_png/4132.png data/loveda/val/Urban/masks_png/4132.png
data/loveda/val/Urban/images_png/4133.png data/loveda/val/Urban/masks_png/4133.png
data/loveda/val/Urban/images_png/4134.png data/loveda/val/Urban/masks_png/4134.png
data/loveda/val/Urban/images_png/4135.png data/loveda/val/Urban/masks_png/4135.png
data/loveda/val/Urban/images_png/4136.png data/loveda/val/Urban/masks_png/4136.png
data/loveda/val/Urban/images_png/4137.png data/loveda/val/Urban/masks_png/4137.png
data/loveda/val/Urban/images_png/4138.png data/loveda/val/Urban/masks_png/4138.png
data/loveda/val/Urban/images_png/4139.png data/loveda/val/Urban/masks_png/4139.png
data/loveda/val/Urban/images_png/4140.png data/loveda/val/Urban/masks_png/4140.png
data/loveda/val/Urban/images_png/4141.png data/loveda/val/Urban/masks_png/4141.png
data/loveda/val/Urban/images_png/4142.png data/loveda/val/Urban/masks_png/4142.png
data/loveda/val/Urban/images_png/4143.png data/loveda/val/Urban/masks_png/4143.png
data/loveda/val/Urban/images_png/4144.png data/loveda/val/Urban/masks_png/4144.png
data/loveda/val/Urban/images_png/4145.png data/loveda/val/Urban/masks_png/4145.png
data/loveda/val/Urban/images_png/4146.png data/loveda/val/Urban/masks_png/4146.png
data/loveda/val/Urban/images_png/4147.png data/loveda/val/Urban/masks_png/4147.png
data/loveda/val/Urban/images_png/4148.png data/loveda/val/Urban/masks_png/4148.png
data/loveda/val/Urban/images_png/4149.png data/loveda/val/Urban/masks_png/4149.png
data/loveda/val/Urban/images_png/4150.png data/loveda/val/Urban/masks_png/4150.png
data/loveda/val/Urban/images_png/4151.png data/loveda/val/Urban/masks_png/4151.png
data/loveda/val/Urban/images_png/4152.png data/loveda/val/Urban/masks_png/4152.png
data/loveda/val/Urban/images_png/4153.png data/loveda/val/Urban/masks_png/4153.png
data/loveda/val/Urban/images_png/4154.png data/loveda/val/Urban/masks_png/4154.png
data/loveda/val/Urban/images_png/4155.png data/loveda/val/Urban/masks_png/4155.png
data/loveda/val/Urban/images_png/4156.png data/loveda/val/Urban/masks_png/4156.png
data/loveda/val/Urban/images_png/4157.png data/loveda/val/Urban/masks_png/4157.png
data/loveda/val/Urban/images_png/4158.png data/loveda/val/Urban/masks_png/4158.png
data/loveda/val/Urban/images_png/4159.png data/loveda/val/Urban/masks_png/4159.png
data/loveda/val/Urban/images_png/4160.png data/loveda/val/Urban/masks_png/4160.png
data/loveda/val/Urban/images_png/4161.png data/loveda/val/Urban/masks_png/4161.png
data/loveda/val/Urban/images_png/4162.png data/loveda/val/Urban/masks_png/4162.png
data/loveda/val/Urban/images_png/4163.png data/loveda/val/Urban/masks_png/4163.png
data/loveda/val/Urban/images_png/4164.png data/loveda/val/Urban/masks_png/4164.png
data/loveda/val/Urban/images_png/4165.png data/loveda/val/Urban/masks_png/4165.png
data/loveda/val/Urban/images_png/4166.png data/loveda/val/Urban/masks_png/4166.png
data/loveda/val/Urban/images_png/4167.png data/loveda/val/Urban/masks_png/4167.png
data/loveda/val/Urban/images_png/4168.png data/loveda/val/Urban/masks_png/4168.png
data/loveda/val/Urban/images_png/4169.png data/loveda/val/Urban/masks_png/4169.png
data/loveda/val/Urban/images_png/4170.png data/loveda/val/Urban/masks_png/4170.png
data/loveda/val/Urban/images_png/4171.png data/loveda/val/Urban/masks_png/4171.png
data/loveda/val/Urban/images_png/4172.png data/loveda/val/Urban/masks_png/4172.png
data/loveda/val/Urban/images_png/4173.png data/loveda/val/Urban/masks_png/4173.png
data/loveda/val/Urban/images_png/4174.png data/loveda/val/Urban/masks_png/4174.png
data/loveda/val/Urban/images_png/4175.png data/loveda/val/Urban/masks_png/4175.png
data/loveda/val/Urban/images_png/4176.png data/loveda/val/Urban/masks_png/4176.png
data/loveda/val/Urban/images_png/4177.png data/loveda/val/Urban/masks_png/4177.png
data/loveda/val/Urban/images_png/4178.png data/loveda/val/Urban/masks_png/4178.png
data/loveda/val/Urban/images_png/4179.png data/loveda/val/Urban/masks_png/4179.png
data/loveda/val/Urban/images_png/4180.png data/loveda/val/Urban/masks_png/4180.png
data/loveda/val/Urban/images_png/4181.png data/loveda/val/Urban/masks_png/4181.png
data/loveda/val/Urban/images_png/4182.png data/loveda/val/Urban/masks_png/4182.png
data/loveda/val/Urban/images_png/4183.png data/loveda/val/Urban/masks_png/4183.png
data/loveda/val/Urban/images_png/4184.png data/loveda/val/Urban/masks_png/4184.png
data/loveda/val/Urban/images_png/4185.png data/loveda/val/Urban/masks_png/4185.png
data/loveda/val/Urban/images_png/4186.png data/loveda/val/Urban/masks_png/4186.png
data/loveda/val/Urban/images_png/4187.png data/loveda/val/Urban/masks_png/4187.png
data/loveda/val/Urban/images_png/4188.png data/loveda/val/Urban/masks_png/4188.png
data/loveda/val/Urban/images_png/4189.png data/loveda/val/Urban/masks_png/4189.png
data/loveda/val/Urban/images_png/4190.png data/loveda/val/Urban/masks_png/4190.png
